{"time":"2026-10-07T16:35:23.3229515+07:00","level":"INFO","msg":"starting portal-api","service":"am-shortlink-portal-api","env":"local","version":"dev","secrets_loaded":["MONGODB_URI","PORTAL_JWT_SIGNING_KEY","PII_HASH_SALT"]}
{"time":"2026-10-07T16:35:23.3520308+07:00","level":"INFO","msg":"report cache enabled","service":"am-shortlink-portal-api","env":"local","ttl":60000000000,"ttl_past":900000000000}
{"time":"2026-10-07T16:35:23.3520308+07:00","level":"INFO","msg":"export worker started","service":"am-shortlink-portal-api","env":"local","dir":"./var/exports","ttl":604800000000000}
{"time":"2026-10-07T16:35:23.3682713+07:00","level":"INFO","msg":"listening","service":"am-shortlink-portal-api","env":"local","addr":":8080"}
{"time":"2026-10-07T16:36:06.953981+07:00","level":"INFO","msg":"http","service":"am-shortlink-portal-api","env":"local","method":"POST","path":"/v1/auth/login","status":200,"bytes":598,"duration_ms":86,"request_id":"DESKTOP-3P40N4D/1NjFh6MI88-000002","user":"","client_ip":"::x::"}
{"time":"2026-10-07T16:36:07.0942009+07:00","level":"INFO","msg":"http","service":"am-shortlink-portal-api","env":"local","method":"GET","path":"/v1/reports/campaigns","status":200,"bytes":1690,"duration_ms":65,"request_id":"DESKTOP-3P40N4D/1NjFh6MI88-000003","user":"partner_a","client_ip":"::x::"}
{"time":"2026-10-07T16:36:07.0966693+07:00","level":"INFO","msg":"http","service":"am-shortlink-portal-api","env":"local","method":"GET","path":"/v1/reports/campaigns","status":200,"bytes":1690,"duration_ms":2,"request_id":"DESKTOP-3P40N4D/1NjFh6MI88-000004","user":"partner_a","client_ip":"::x::"}
{"time":"2026-10-07T16:36:07.3357662+07:00","level":"INFO","msg":"http","service":"am-shortlink-portal-api","env":"local","method":"GET","path":"/v1/filters/prefixes","status":200,"bytes":168,"duration_ms":4,"request_id":"DESKTOP-3P40N4D/1NjFh6MI88-000006","user":"partner_a","client_ip":"::x::"}
{"time":"2026-10-07T16:36:07.3385194+07:00","level":"INFO","msg":"http","service":"am-shortlink-portal-api","env":"local","method":"GET","path":"/v1/filters/campaigns","status":200,"bytes":242,"duration_ms":9,"request_id":"DESKTOP-3P40N4D/1NjFh6MI88-000005","user":"partner_a","client_ip":"::x::"}
{"time":"2026-10-07T16:36:08.3693723+07:00","level":"INFO","msg":"http","service":"am-shortlink-portal-api","env":"local","method":"POST","path":"/v1/auth/login","status":401,"bytes":196,"duration_ms":78,"request_id":"DESKTOP-3P40N4D/1NjFh6MI88-000007","user":"","client_ip":"::x::"}
{"time":"2026-10-07T16:36:08.6900224+07:00","level":"INFO","msg":"http","service":"am-shortlink-portal-api","env":"local","method":"POST","path":"/v1/auth/login","status":200,"bytes":598,"duration_ms":72,"request_id":"DESKTOP-3P40N4D/1NjFh6MI88-000008","user":"","client_ip":"::x::"}
{"time":"2026-10-07T16:36:08.7820273+07:00","level":"INFO","msg":"http","service":"am-shortlink-portal-api","env":"local","method":"GET","path":"/v1/reports/overview","status":200,"bytes":15511,"duration_ms":38,"request_id":"DESKTOP-3P40N4D/1NjFh6MI88-000010","user":"partner_a","client_ip":"::x::"}
{"time":"2026-10-07T16:36:08.7820273+07:00","level":"INFO","msg":"http","service":"am-shortlink-portal-api","env":"local","method":"GET","path":"/v1/reports/overview","status":200,"bytes":15511,"duration_ms":73,"request_id":"DESKTOP-3P40N4D/1NjFh6MI88-000009","user":"partner_a","client_ip":"::x::"}
{"time":"2026-10-07T16:36:09.0022352+07:00","level":"INFO","msg":"http","service":"am-shortlink-portal-api","env":"local","method":"GET","path":"/v1/filters/prefixes","status":200,"bytes":168,"duration_ms":3,"request_id":"DESKTOP-3P40N4D/1NjFh6MI88-000012","user":"partner_a","client_ip":"::x::"}
{"time":"2026-10-07T16:36:09.0061004+07:00","level":"INFO","msg":"http","service":"am-shortlink-portal-api","env":"local","method":"GET","path":"/v1/filters/campaigns","status":200,"bytes":242,"duration_ms":8,"request_id":"DESKTOP-3P40N4D/1NjFh6MI88-000011","user":"partner_a","client_ip":"::x::"}
{"time":"2026-10-07T16:36:10.046148+07:00","level":"INFO","msg":"http","service":"am-shortlink-portal-api","env":"local","method":"POST","path":"/v1/auth/login","status":200,"bytes":598,"duration_ms":167,"request_id":"DESKTOP-3P40N4D/1NjFh6MI88-000013","user":"","client_ip":"::x::"}
{"time":"2026-10-07T16:36:10.1081317+07:00","level":"INFO","msg":"http","service":"am-shortlink-portal-api","env":"local","method":"GET","path":"/v1/reports/overview","status":200,"bytes":15511,"duration_ms":4,"request_id":"DESKTOP-3P40N4D/1NjFh6MI88-000014","user":"partner_a","client_ip":"::x::"}
{"time":"2026-10-07T16:36:10.1570791+07:00","level":"INFO","msg":"http","service":"am-shortlink-portal-api","env":"local","method":"GET","path":"/v1/reports/overview","status":200,"bytes":15511,"duration_ms":4,"request_id":"DESKTOP-3P40N4D/1NjFh6MI88-000015","user":"partner_a","client_ip":"::x::"}
{"time":"2026-10-07T16:36:10.3766713+07:00","level":"INFO","msg":"http","service":"am-shortlink-portal-api","env":"local","method":"GET","path":"/v1/filters/prefixes","status":200,"bytes":168,"duration_ms":2,"request_id":"DESKTOP-3P40N4D/1NjFh6MI88-000017","user":"partner_a","client_ip":"::x::"}
{"time":"2026-10-07T16:36:10.3788539+07:00","level":"INFO","msg":"http","service":"am-shortlink-portal-api","env":"local","method":"GET","path":"/v1/filters/campaigns","status":200,"bytes":242,"duration_ms":4,"request_id":"DESKTOP-3P40N4D/1NjFh6MI88-000016","user":"partner_a","client_ip":"::x::"}
{"time":"2026-10-07T16:36:10.8758872+07:00","level":"INFO","msg":"http","service":"am-shortlink-portal-api","env":"local","method":"POST","path":"/v1/auth/logout","status":204,"bytes":0,"duration_ms":20,"request_id":"DESKTOP-3P40N4D/1NjFh6MI88-000018","user":"","client_ip":"::x::"}
{"time":"2026-10-07T16:36:11.933668+07:00","level":"INFO","msg":"http","service":"am-shortlink-portal-api","env":"local","method":"POST","path":"/v1/auth/login","status":200,"bytes":586,"duration_ms":155,"request_id":"DESKTOP-3P40N4D/1NjFh6MI88-000019","user":"","client_ip":"::x::"}
{"time":"2026-10-07T16:36:12.1616922+07:00","level":"INFO","msg":"http","service":"am-shortlink-portal-api","env":"local","method":"GET","path":"/v1/reports/overview","status":200,"bytes":16897,"duration_ms":189,"request_id":"DESKTOP-3P40N4D/1NjFh6MI88-000020","user":"admin","client_ip":"::x::"}
{"time":"2026-10-07T16:36:12.1627043+07:00","level":"INFO","msg":"http","service":"am-shortlink-portal-api","env":"local","method":"GET","path":"/v1/reports/overview","status":200,"bytes":16897,"duration_ms":130,"request_id":"DESKTOP-3P40N4D/1NjFh6MI88-000021","user":"admin","client_ip":"::x::"}
{"time":"2026-10-07T16:36:12.2268498+07:00","level":"INFO","msg":"http","service":"am-shortlink-portal-api","env":"local","method":"GET","path":"/v1/filters/accounts","status":200,"bytes":178,"duration_ms":3,"request_id":"DESKTOP-3P40N4D/1NjFh6MI88-000022","user":"admin","client_ip":"::x::"}
{"time":"2026-10-07T16:36:12.2273584+07:00","level":"INFO","msg":"http","service":"am-shortlink-portal-api","env":"local","method":"GET","path":"/v1/filters/campaigns","status":200,"bytes":673,"duration_ms":2,"request_id":"DESKTOP-3P40N4D/1NjFh6MI88-000023","user":"admin","client_ip":"::x::"}
{"time":"2026-10-07T16:36:12.2598768+07:00","level":"INFO","msg":"http","service":"am-shortlink-portal-api","env":"local","method":"GET","path":"/v1/filters/prefixes","status":200,"bytes":168,"duration_ms":3,"request_id":"DESKTOP-3P40N4D/1NjFh6MI88-000024","user":"admin","client_ip":"::x::"}
{"time":"2026-10-07T16:36:12.957454+07:00","level":"INFO","msg":"http","service":"am-shortlink-portal-api","env":"local","method":"GET","path":"/v1/filters/accounts","status":200,"bytes":178,"duration_ms":3,"request_id":"DESKTOP-3P40N4D/1NjFh6MI88-000025","user":"admin","client_ip":"::x::"}
{"time":"2026-10-07T16:36:13.0676313+07:00","level":"INFO","msg":"http","service":"am-shortlink-portal-api","env":"local","method":"GET","path":"/v1/filters/campaigns","status":200,"bytes":673,"duration_ms":4,"request_id":"DESKTOP-3P40N4D/1NjFh6MI88-000026","user":"admin","client_ip":"::x::"}
{"time":"2026-10-07T16:36:13.0682007+07:00","level":"INFO","msg":"http","service":"am-shortlink-portal-api","env":"local","method":"GET","path":"/v1/filters/prefixes","status":200,"bytes":168,"duration_ms":2,"request_id":"DESKTOP-3P40N4D/1NjFh6MI88-000027","user":"admin","client_ip":"::x::"}
{"time":"2026-10-07T16:36:13.41475+07:00","level":"INFO","msg":"http","service":"am-shortlink-portal-api","env":"local","method":"GET","path":"/v1/saved-reports","status":200,"bytes":13,"duration_ms":4,"request_id":"DESKTOP-3P40N4D/1NjFh6MI88-000030","user":"admin","client_ip":"::x::"}
{"time":"2026-10-07T16:36:13.4456869+07:00","level":"INFO","msg":"http","service":"am-shortlink-portal-api","env":"local","method":"GET","path":"/v1/reports/params","status":200,"bytes":844,"duration_ms":12,"request_id":"DESKTOP-3P40N4D/1NjFh6MI88-000031","user":"admin","client_ip":"::x::"}
{"time":"2026-10-07T16:36:13.621752+07:00","level":"INFO","msg":"http","service":"am-shortlink-portal-api","env":"local","method":"GET","path":"/v1/reports/clicks","status":200,"bytes":30004,"duration_ms":555,"request_id":"DESKTOP-3P40N4D/1NjFh6MI88-000028","user":"admin","client_ip":"::x::"}
{"time":"2026-10-07T16:36:13.9978635+07:00","level":"INFO","msg":"http","service":"am-shortlink-portal-api","env":"local","method":"POST","path":"/v1/reports/clicks/query","status":200,"bytes":9813,"duration_ms":561,"request_id":"DESKTOP-3P40N4D/1NjFh6MI88-000032","user":"admin","client_ip":"::x::"}
{"time":"2026-10-07T16:36:14.1420101+07:00","level":"INFO","msg":"http","service":"am-shortlink-portal-api","env":"local","method":"GET","path":"/v1/reports/traffic-quality","status":200,"bytes":76150,"duration_ms":892,"request_id":"DESKTOP-3P40N4D/1NjFh6MI88-000029","user":"admin","client_ip":"::x::"}
{"time":"2026-10-07T16:36:15.377092+07:00","level":"INFO","msg":"http","service":"am-shortlink-portal-api","env":"local","method":"POST","path":"/v1/auth/login","status":200,"bytes":594,"duration_ms":165,"request_id":"DESKTOP-3P40N4D/1NjFh6MI88-000033","user":"","client_ip":"::x::"}
{"time":"2026-10-07T16:36:15.411132+07:00","level":"INFO","msg":"http","service":"am-shortlink-portal-api","env":"local","method":"GET","path":"/v1/reports/overview","status":200,"bytes":15511,"duration_ms":3,"request_id":"DESKTOP-3P40N4D/1NjFh6MI88-000034","user":"partner_a","client_ip":"::x::"}
{"time":"2026-10-07T16:36:15.4602014+07:00","level":"INFO","msg":"http","service":"am-shortlink-portal-api","env":"local","method":"GET","path":"/v1/reports/overview","status":200,"bytes":15511,"duration_ms":5,"request_id":"DESKTOP-3P40N4D/1NjFh6MI88-000035","user":"partner_a","client_ip":"::x::"}
{"time":"2026-10-07T16:36:15.6190795+07:00","level":"INFO","msg":"http","service":"am-shortlink-portal-api","env":"local","method":"GET","path":"/v1/filters/prefixes","status":200,"bytes":168,"duration_ms":1,"request_id":"DESKTOP-3P40N4D/1NjFh6MI88-000037","user":"partner_a","client_ip":"::x::"}
{"time":"2026-10-07T16:36:15.6205564+07:00","level":"INFO","msg":"http","service":"am-shortlink-portal-api","env":"local","method":"GET","path":"/v1/filters/campaigns","status":200,"bytes":242,"duration_ms":3,"request_id":"DESKTOP-3P40N4D/1NjFh6MI88-000036","user":"partner_a","client_ip":"::x::"}
{"time":"2026-10-07T16:36:16.1138782+07:00","level":"INFO","msg":"http","service":"am-shortlink-portal-api","env":"local","method":"GET","path":"/v1/reports/accounts/partner_b","status":403,"bytes":199,"duration_ms":0,"request_id":"DESKTOP-3P40N4D/1NjFh6MI88-000038","user":"partner_a","client_ip":"::x::"}
{"time":"2026-10-07T16:36:16.3825685+07:00","level":"INFO","msg":"http","service":"am-shortlink-portal-api","env":"local","method":"GET","path":"/v1/filters/prefixes","status":200,"bytes":168,"duration_ms":4,"request_id":"DESKTOP-3P40N4D/1NjFh6MI88-000040","user":"partner_a","client_ip":"::x::"}
{"time":"2026-10-07T16:36:16.3867584+07:00","level":"INFO","msg":"http","service":"am-shortlink-portal-api","env":"local","method":"GET","path":"/v1/filters/campaigns","status":200,"bytes":242,"duration_ms":8,"request_id":"DESKTOP-3P40N4D/1NjFh6MI88-000039","user":"partner_a","client_ip":"::x::"}
{"time":"2026-10-07T16:36:17.1801636+07:00","level":"INFO","msg":"http","service":"am-shortlink-portal-api","env":"local","method":"POST","path":"/v1/auth/login","status":200,"bytes":598,"duration_ms":159,"request_id":"DESKTOP-3P40N4D/1NjFh6MI88-000041","user":"","client_ip":"::x::"}
{"time":"2026-10-07T16:36:17.2568628+07:00","level":"INFO","msg":"http","service":"am-shortlink-portal-api","env":"local","method":"GET","path":"/v1/reports/ctvs","status":200,"bytes":14287,"duration_ms":39,"request_id":"DESKTOP-3P40N4D/1NjFh6MI88-000042","user":"partner_a","client_ip":"::x::"}
{"time":"2026-10-07T16:36:17.2638353+07:00","level":"INFO","msg":"http","service":"am-shortlink-portal-api","env":"local","method":"GET","path":"/v1/reports/ctvs","status":200,"bytes":14287,"duration_ms":3,"request_id":"DESKTOP-3P40N4D/1NjFh6MI88-000043","user":"partner_a","client_ip":"::x::"}
{"time":"2026-10-07T16:36:17.4230856+07:00","level":"INFO","msg":"http","service":"am-shortlink-portal-api","env":"local","method":"GET","path":"/v1/filters/prefixes","status":200,"bytes":168,"duration_ms":2,"request_id":"DESKTOP-3P40N4D/1NjFh6MI88-000045","user":"partner_a","client_ip":"::x::"}
{"time":"2026-10-07T16:36:17.4260531+07:00","level":"INFO","msg":"http","service":"am-shortlink-portal-api","env":"local","method":"GET","path":"/v1/filters/campaigns","status":200,"bytes":242,"duration_ms":5,"request_id":"DESKTOP-3P40N4D/1NjFh6MI88-000044","user":"partner_a","client_ip":"::x::"}
{"time":"2026-10-07T16:36:18.0659428+07:00","level":"INFO","msg":"http","service":"am-shortlink-portal-api","env":"local","method":"GET","path":"/v1/reports/ctvs/2MVm9s6WNzjHjXxaLus0m_oCqzsFI9VYG_vuJbPT0KZEIP4wnXY","status":200,"bytes":38883,"duration_ms":89,"request_id":"DESKTOP-3P40N4D/1NjFh6MI88-000046","user":"partner_a","client_ip":"::x::"}
{"time":"2026-10-07T16:36:18.5227086+07:00","level":"INFO","msg":"http","service":"am-shortlink-portal-api","env":"local","method":"GET","path":"/v1/filters/prefixes","status":200,"bytes":168,"duration_ms":2,"request_id":"DESKTOP-3P40N4D/1NjFh6MI88-000048","user":"partner_a","client_ip":"::x::"}
{"time":"2026-10-07T16:36:18.5257171+07:00","level":"INFO","msg":"http","service":"am-shortlink-portal-api","env":"local","method":"GET","path":"/v1/filters/campaigns","status":200,"bytes":242,"duration_ms":6,"request_id":"DESKTOP-3P40N4D/1NjFh6MI88-000047","user":"partner_a","client_ip":"::x::"}
{"time":"2026-10-07T16:36:18.6256571+07:00","level":"INFO","msg":"http","service":"am-shortlink-portal-api","env":"local","method":"GET","path":"/v1/reports/clicks","status":200,"bytes":30075,"duration_ms":48,"request_id":"DESKTOP-3P40N4D/1NjFh6MI88-000049","user":"partner_a","client_ip":"::x::"}
{"time":"2026-10-07T16:36:19.6019078+07:00","level":"INFO","msg":"http","service":"am-shortlink-portal-api","env":"local","method":"POST","path":"/v1/auth/login","status":200,"bytes":660,"duration_ms":109,"request_id":"DESKTOP-3P40N4D/1NjFh6MI88-000050","user":"","client_ip":"::x::"}
{"time":"2026-10-07T16:36:19.6457202+07:00","level":"INFO","msg":"http","service":"am-shortlink-portal-api","env":"local","method":"GET","path":"/v1/reports/accounts","status":200,"bytes":622,"duration_ms":23,"request_id":"DESKTOP-3P40N4D/1NjFh6MI88-000051","user":"viewer","client_ip":"::x::"}
{"time":"2026-10-07T16:36:19.652738+07:00","level":"INFO","msg":"http","service":"am-shortlink-portal-api","env":"local","method":"GET","path":"/v1/reports/accounts","status":200,"bytes":622,"duration_ms":1,"request_id":"DESKTOP-3P40N4D/1NjFh6MI88-000052","user":"viewer","client_ip":"::x::"}
{"time":"2026-10-07T16:36:19.7824292+07:00","level":"INFO","msg":"http","service":"am-shortlink-portal-api","env":"local","method":"GET","path":"/v1/filters/accounts","status":200,"bytes":62,"duration_ms":0,"request_id":"DESKTOP-3P40N4D/1NjFh6MI88-000053","user":"viewer","client_ip":"::x::"}
{"time":"2026-10-07T16:36:19.784548+07:00","level":"INFO","msg":"http","service":"am-shortlink-portal-api","env":"local","method":"GET","path":"/v1/filters/prefixes","status":200,"bytes":168,"duration_ms":1,"request_id":"DESKTOP-3P40N4D/1NjFh6MI88-000055","user":"viewer","client_ip":"::x::"}
{"time":"2026-10-07T16:36:19.7861693+07:00","level":"INFO","msg":"http","service":"am-shortlink-portal-api","env":"local","method":"GET","path":"/v1/filters/campaigns","status":200,"bytes":371,"duration_ms":3,"request_id":"DESKTOP-3P40N4D/1NjFh6MI88-000054","user":"viewer","client_ip":"::x::"}
{"time":"2026-10-07T16:36:20.2760245+07:00","level":"INFO","msg":"http","service":"am-shortlink-portal-api","env":"local","method":"GET","path":"/v1/filters/accounts","status":200,"bytes":62,"duration_ms":0,"request_id":"DESKTOP-3P40N4D/1NjFh6MI88-000056","user":"viewer","client_ip":"::x::"}
{"time":"2026-10-07T16:36:20.2801295+07:00","level":"INFO","msg":"http","service":"am-shortlink-portal-api","env":"local","method":"GET","path":"/v1/filters/prefixes","status":200,"bytes":168,"duration_ms":2,"request_id":"DESKTOP-3P40N4D/1NjFh6MI88-000058","user":"viewer","client_ip":"::x::"}
{"time":"2026-10-07T16:36:20.2827774+07:00","level":"INFO","msg":"http","service":"am-shortlink-portal-api","env":"local","method":"GET","path":"/v1/filters/campaigns","status":200,"bytes":371,"duration_ms":6,"request_id":"DESKTOP-3P40N4D/1NjFh6MI88-000057","user":"viewer","client_ip":"::x::"}
{"time":"2026-10-07T16:36:20.3763209+07:00","level":"INFO","msg":"http","service":"am-shortlink-portal-api","env":"local","method":"GET","path":"/v1/reports/clicks","status":200,"bytes":29670,"duration_ms":58,"request_id":"DESKTOP-3P40N4D/1NjFh6MI88-000059","user":"viewer","client_ip":"::x::"}
{"time":"2026-10-07T16:36:20.9790839+07:00","level":"INFO","msg":"http","service":"am-shortlink-portal-api","env":"local","method":"POST","path":"/v1/auth/login","status":200,"bytes":662,"duration_ms":105,"request_id":"DESKTOP-3P40N4D/1NjFh6MI88-000060","user":"","client_ip":"::x::"}
{"time":"2026-10-07T16:36:21.2595614+07:00","level":"INFO","msg":"http","service":"am-shortlink-portal-api","env":"local","method":"GET","path":"/v1/filters/accounts","status":200,"bytes":62,"duration_ms":0,"request_id":"DESKTOP-3P40N4D/1NjFh6MI88-000061","user":"viewer","client_ip":"::x::"}
{"time":"2026-10-07T16:36:21.2647155+07:00","level":"INFO","msg":"http","service":"am-shortlink-portal-api","env":"local","method":"GET","path":"/v1/filters/prefixes","status":200,"bytes":168,"duration_ms":3,"request_id":"DESKTOP-3P40N4D/1NjFh6MI88-000063","user":"viewer","client_ip":"::x::"}
{"time":"2026-10-07T16:36:21.2680302+07:00","level":"INFO","msg":"http","service":"am-shortlink-portal-api","env":"local","method":"GET","path":"/v1/saved-reports","status":200,"bytes":13,"duration_ms":6,"request_id":"DESKTOP-3P40N4D/1NjFh6MI88-000064","user":"viewer","client_ip":"::x::"}
{"time":"2026-10-07T16:36:21.2728375+07:00","level":"INFO","msg":"http","service":"am-shortlink-portal-api","env":"local","method":"GET","path":"/v1/filters/campaigns","status":200,"bytes":371,"duration_ms":12,"request_id":"DESKTOP-3P40N4D/1NjFh6MI88-000062","user":"viewer","client_ip":"::x::"}
{"time":"2026-10-07T16:36:21.3490897+07:00","level":"INFO","msg":"http","service":"am-shortlink-portal-api","env":"local","method":"GET","path":"/v1/reports/params","status":200,"bytes":840,"duration_ms":25,"request_id":"DESKTOP-3P40N4D/1NjFh6MI88-000065","user":"viewer","client_ip":"::x::"}
{"time":"2026-10-07T16:36:21.728011+07:00","level":"INFO","msg":"http","service":"am-shortlink-portal-api","env":"local","method":"POST","path":"/v1/reports/clicks/query","status":200,"bytes":9129,"duration_ms":402,"request_id":"DESKTOP-3P40N4D/1NjFh6MI88-000066","user":"viewer","client_ip":"::x::"}
{"time":"2026-10-07T16:36:22.4447701+07:00","level":"INFO","msg":"http","service":"am-shortlink-portal-api","env":"local","method":"GET","path":"/v1/reports/clicks","status":200,"bytes":29572,"duration_ms":131,"request_id":"DESKTOP-3P40N4D/1NjFh6MI88-000067","user":"viewer","client_ip":"::x::"}
{"time":"2026-10-07T16:36:26.3397778+07:00","level":"INFO","msg":"http","service":"am-shortlink-portal-api","env":"local","method":"POST","path":"/v1/auth/refresh","status":200,"bytes":588,"duration_ms":33,"request_id":"DESKTOP-3P40N4D/1NjFh6MI88-000068","user":"","client_ip":"::x::"}
{"time":"2026-10-07T16:36:26.4831895+07:00","level":"INFO","msg":"http","service":"am-shortlink-portal-api","env":"local","method":"POST","path":"/v1/reports/clicks/query","status":200,"bytes":1975,"duration_ms":120,"request_id":"DESKTOP-3P40N4D/1NjFh6MI88-000069","user":"admin","client_ip":"::x::"}
{"time":"2026-10-07T16:36:37.2456219+07:00","level":"INFO","msg":"http","service":"am-shortlink-portal-api","env":"local","method":"POST","path":"/v1/reports/clicks/query","status":200,"bytes":1975,"duration_ms":124,"request_id":"DESKTOP-3P40N4D/1NjFh6MI88-000070","user":"admin","client_ip":"::x::"}
{"time":"2026-10-07T16:36:40.1761764+07:00","level":"INFO","msg":"http","service":"am-shortlink-portal-api","env":"local","method":"POST","path":"/v1/reports/clicks/query","status":200,"bytes":1975,"duration_ms":152,"request_id":"DESKTOP-3P40N4D/1NjFh6MI88-000071","user":"admin","client_ip":"::x::"}
{"time":"2026-10-07T16:36:52.2974162+07:00","level":"INFO","msg":"http","service":"am-shortlink-portal-api","env":"local","method":"POST","path":"/v1/reports/clicks/query","status":200,"bytes":1975,"duration_ms":106,"request_id":"DESKTOP-3P40N4D/1NjFh6MI88-000072","user":"admin","client_ip":"::x::"}
{"time":"2026-10-07T16:39:55.1905165+07:00","level":"INFO","msg":"http","service":"am-shortlink-portal-api","env":"local","method":"GET","path":"/v1/saved-reports","status":200,"bytes":13,"duration_ms":2,"request_id":"DESKTOP-3P40N4D/1NjFh6MI88-000074","user":"admin","client_ip":"::x::"}
{"time":"2026-10-07T16:39:55.1931+07:00","level":"INFO","msg":"http","service":"am-shortlink-portal-api","env":"local","method":"GET","path":"/v1/filters/accounts","status":200,"bytes":178,"duration_ms":2,"request_id":"DESKTOP-3P40N4D/1NjFh6MI88-000076","user":"admin","client_ip":"::x::"}
{"time":"2026-10-07T16:39:55.1954053+07:00","level":"INFO","msg":"http","service":"am-shortlink-portal-api","env":"local","method":"GET","path":"/v1/filters/campaigns","status":200,"bytes":673,"duration_ms":3,"request_id":"DESKTOP-3P40N4D/1NjFh6MI88-000077","user":"admin","client_ip":"::x::"}
{"time":"2026-10-07T16:39:55.2008685+07:00","level":"INFO","msg":"http","service":"am-shortlink-portal-api","env":"local","method":"GET","path":"/v1/filters/prefixes","status":200,"bytes":168,"duration_ms":3,"request_id":"DESKTOP-3P40N4D/1NjFh6MI88-000078","user":"admin","client_ip":"::x::"}
{"time":"2026-10-07T16:39:55.211397+07:00","level":"INFO","msg":"http","service":"am-shortlink-portal-api","env":"local","method":"GET","path":"/v1/reports/params","status":200,"bytes":844,"duration_ms":20,"request_id":"DESKTOP-3P40N4D/1NjFh6MI88-000075","user":"admin","client_ip":"::x::"}
{"time":"2026-10-07T16:39:55.2816693+07:00","level":"INFO","msg":"http","service":"am-shortlink-portal-api","env":"local","method":"POST","path":"/v1/reports/clicks/query","status":200,"bytes":1975,"duration_ms":93,"request_id":"DESKTOP-3P40N4D/1NjFh6MI88-000073","user":"admin","client_ip":"::x::"}
{"time":"2026-10-07T16:39:57.1081016+07:00","level":"INFO","msg":"http","service":"am-shortlink-portal-api","env":"local","method":"GET","path":"/v1/reports/accounts","status":200,"bytes":1205,"duration_ms":24,"request_id":"DESKTOP-3P40N4D/1NjFh6MI88-000079","user":"admin","client_ip":"::x::"}
{"time":"2026-10-07T16:39:57.6261859+07:00","level":"INFO","msg":"http","service":"am-shortlink-portal-api","env":"local","method":"GET","path":"/v1/reports/overview","status":200,"bytes":16897,"duration_ms":152,"request_id":"DESKTOP-3P40N4D/1NjFh6MI88-000080","user":"admin","client_ip":"::x::"}
{"time":"2026-10-07T16:40:03.5189923+07:00","level":"INFO","msg":"http","service":"am-shortlink-portal-api","env":"local","method":"GET","path":"/v1/reports/accounts","status":200,"bytes":1205,"duration_ms":2,"request_id":"DESKTOP-3P40N4D/1NjFh6MI88-000081","user":"admin","client_ip":"::x::"}
{"time":"2026-10-07T16:40:05.0887865+07:00","level":"INFO","msg":"http","service":"am-shortlink-portal-api","env":"local","method":"GET","path":"/v1/reports/campaigns","status":200,"bytes":3546,"duration_ms":43,"request_id":"DESKTOP-3P40N4D/1NjFh6MI88-000082","user":"admin","client_ip":"::x::"}
{"time":"2026-10-07T16:40:06.1993923+07:00","level":"INFO","msg":"http","service":"am-shortlink-portal-api","env":"local","method":"GET","path":"/v1/reports/ctvs","status":200,"bytes":14290,"duration_ms":60,"request_id":"DESKTOP-3P40N4D/1NjFh6MI88-000083","user":"admin","client_ip":"::x::"}
{"time":"2026-10-07T16:40:08.1541726+07:00","level":"INFO","msg":"http","service":"am-shortlink-portal-api","env":"local","method":"GET","path":"/v1/reports/links/top","status":200,"bytes":28657,"duration_ms":128,"request_id":"DESKTOP-3P40N4D/1NjFh6MI88-000084","user":"admin","client_ip":"::x::"}
{"time":"2026-10-07T16:40:09.8415246+07:00","level":"INFO","msg":"http","service":"am-shortlink-portal-api","env":"local","method":"GET","path":"/v1/reports/clicks","status":200,"bytes":30004,"duration_ms":220,"request_id":"DESKTOP-3P40N4D/1NjFh6MI88-000085","user":"admin","client_ip":"::x::"}
{"time":"2026-10-07T16:40:12.5748196+07:00","level":"INFO","msg":"http","service":"am-shortlink-portal-api","env":"local","method":"POST","path":"/v1/reports/clicks/query","status":200,"bytes":9813,"duration_ms":414,"request_id":"DESKTOP-3P40N4D/1NjFh6MI88-000086","user":"admin","client_ip":"::x::"}
{"time":"2026-10-07T16:40:13.6457652+07:00","level":"INFO","msg":"http","service":"am-shortlink-portal-api","env":"local","method":"GET","path":"/v1/reports/params","status":200,"bytes":856,"duration_ms":80,"request_id":"DESKTOP-3P40N4D/1NjFh6MI88-000087","user":"admin","client_ip":"::x::"}
{"time":"2026-10-07T16:40:13.7112823+07:00","level":"INFO","msg":"http","service":"am-shortlink-portal-api","env":"local","method":"GET","path":"/v1/reports/params/utm_medium","status":200,"bytes":10379,"duration_ms":58,"request_id":"DESKTOP-3P40N4D/1NjFh6MI88-000088","user":"admin","client_ip":"::x::"}
{"time":"2026-10-07T16:40:15.1596663+07:00","level":"INFO","msg":"http","service":"am-shortlink-portal-api","env":"local","method":"GET","path":"/v1/reports/traffic-quality","status":200,"bytes":76150,"duration_ms":565,"request_id":"DESKTOP-3P40N4D/1NjFh6MI88-000089","user":"admin","client_ip":"::x::"}
{"time":"2026-10-07T16:40:35.1504319+07:00","level":"INFO","msg":"http","service":"am-shortlink-portal-api","env":"local","method":"GET","path":"/v1/exports","status":200,"bytes":13,"duration_ms":1,"request_id":"DESKTOP-3P40N4D/1NjFh6MI88-000090","user":"admin","client_ip":"::x::"}
{"time":"2026-10-07T16:40:38.6383284+07:00","level":"INFO","msg":"http","service":"am-shortlink-portal-api","env":"local","method":"GET","path":"/v1/param-registry","status":200,"bytes":2411,"duration_ms":9,"request_id":"DESKTOP-3P40N4D/1NjFh6MI88-000091","user":"admin","client_ip":"::x::"}
